Dashboard Status: 302
Dashboard Location: http://insta-request-ce.test/email/verify
Verify Status: 200
Verify Location: 
Dashboard Status: 302
Dashboard Location: http://insta-request-ce.test/email/verify
Verify Status: 200
Verify Location: 
Dashboard Status: 302
Dashboard Location: http://insta-request-ce.test/email/verify
Verify Status: 200
Verify Location: 
